2025-10-04 16:47:19.080885: I tensorflow/core/util/port.cc:113] oneDNN custom operations are on. You may see slightly different numerical results due to floating-point round-off errors from different computation orders. To turn them off, set the environment variable `TF_ENABLE_ONEDNN_OPTS=0`.
2025-10-04 16:47:19.110163: I tensorflow/core/platform/cpu_feature_guard.cc:182] This TensorFlow binary is optimized to use available CPU instructions in performance-critical operations.
To enable the following instructions: SSE4.1 SSE4.2 AVX AVX2 AVX512F AVX512_VNNI FMA, in other operations, rebuild TensorFlow with the appropriate compiler flags.
  0%|                                                                                                                                                                                                | 0/100 [00:00<?, ?it/s]2025-10-04 16:47:42.921674: I external/local_xla/xla/service/service.cc:168] XLA service 0x55c50b871b10 initialized for platform Host (this does not guarantee that XLA will be used). Devices:
2025-10-04 16:47:42.921728: I external/local_xla/xla/service/service.cc:176]   StreamExecutor device (0): Host, Default Version
2025-10-04 16:47:42.939927: I external/local_xla/xla/service/service.cc:168] XLA service 0x55c50b86d4b0 initialized for platform Host (this does not guarantee that XLA will be used). Devices:
2025-10-04 16:47:42.939976: I external/local_xla/xla/service/service.cc:176]   StreamExecutor device (0): Host, Default Version
2025-10-04 16:47:43.014297: I external/local_xla/xla/service/service.cc:168] XLA service 0x55c50b88fc60 initialized for platform Host (this does not guarantee that XLA will be used). Devices:
2025-10-04 16:47:43.014345: I external/local_xla/xla/service/service.cc:176]   StreamExecutor device (0): Host, Default Version
2025-10-04 16:47:43.018092: I external/local_xla/xla/service/service.cc:168] XLA service 0x55c50b783b30 initialized for platform Host (this does not guarantee that XLA will be used). Devices:
2025-10-04 16:47:43.018161: I external/local_xla/xla/service/service.cc:176]   StreamExecutor device (0): Host, Default Version
2025-10-04 16:47:43.043771: I external/local_xla/xla/service/service.cc:168] XLA service 0x55c50b872a70 initialized for platform Host (this does not guarantee that XLA will be used). Devices:
2025-10-04 16:47:43.043816: I external/local_xla/xla/service/service.cc:176]   StreamExecutor device (0): Host, Default Version
2025-10-04 16:47:43.058675: I external/local_xla/xla/service/service.cc:168] XLA service 0x55c50b88f5f0 initialized for platform Host (this does not guarantee that XLA will be used). Devices:
2025-10-04 16:47:43.058720: I external/local_xla/xla/service/service.cc:176]   StreamExecutor device (0): Host, Default Version
2025-10-04 16:47:43.073995: I external/local_xla/xla/service/service.cc:168] XLA service 0x55c50b77df70 initialized for platform Host (this does not guarantee that XLA will be used). Devices:
2025-10-04 16:47:43.074042: I external/local_xla/xla/service/service.cc:176]   StreamExecutor device (0): Host, Default Version
2025-10-04 16:47:43.123076: I external/local_xla/xla/service/service.cc:168] XLA service 0x55c50b86eee0 initialized for platform Host (this does not guarantee that XLA will be used). Devices:
2025-10-04 16:47:43.123136: I external/local_xla/xla/service/service.cc:176]   StreamExecutor device (0): Host, Default Version
2025-10-04 16:47:43.125981: I external/local_xla/xla/service/service.cc:168] XLA service 0x55c50b88e2a0 initialized for platform Host (this does not guarantee that XLA will be used). Devices:
2025-10-04 16:47:43.126022: I external/local_xla/xla/service/service.cc:176]   StreamExecutor device (0): Host, Default Version
2025-10-04 16:47:43.142421: I external/local_xla/xla/service/service.cc:168] XLA service 0x55c50b8704e0 initialized for platform Host (this does not guarantee that XLA will be used). Devices:
2025-10-04 16:47:43.142469: I external/local_xla/xla/service/service.cc:176]   StreamExecutor device (0): Host, Default Version
2025-10-04 16:47:43.147447: I external/local_xla/xla/service/service.cc:168] XLA service 0x55c50b86ea80 initialized for platform Host (this does not guarantee that XLA will be used). Devices:
2025-10-04 16:47:43.147496: I external/local_xla/xla/service/service.cc:176]   StreamExecutor device (0): Host, Default Version
2025-10-04 16:47:43.175897: I external/local_xla/xla/service/service.cc:168] XLA service 0x55c50b871a80 initialized for platform Host (this does not guarantee that XLA will be used). Devices:
2025-10-04 16:47:43.175945: I external/local_xla/xla/service/service.cc:176]   StreamExecutor device (0): Host, Default Version
2025-10-04 16:47:43.185019: I external/local_xla/xla/service/service.cc:168] XLA service 0x55c50b86f3f0 initialized for platform Host (this does not guarantee that XLA will be used). Devices:
2025-10-04 16:47:43.185062: I external/local_xla/xla/service/service.cc:176]   StreamExecutor device (0): Host, Default Version
2025-10-04 16:47:43.193313: I external/local_xla/xla/service/service.cc:168] XLA service 0x55c50b86cf40 initialized for platform Host (this does not guarantee that XLA will be used). Devices:
2025-10-04 16:47:43.193362: I external/local_xla/xla/service/service.cc:176]   StreamExecutor device (0): Host, Default Version
2025-10-04 16:47:43.205814: I external/local_xla/xla/service/service.cc:168] XLA service 0x55c50b88e340 initialized for platform Host (this does not guarantee that XLA will be used). Devices:
2025-10-04 16:47:43.205863: I external/local_xla/xla/service/service.cc:176]   StreamExecutor device (0): Host, Default Version
2025-10-04 16:47:43.207263: I external/local_xla/xla/service/service.cc:168] XLA service 0x55c50b77ed40 initialized for platform Host (this does not guarantee that XLA will be used). Devices:
2025-10-04 16:47:43.207302: I external/local_xla/xla/service/service.cc:176]   StreamExecutor device (0): Host, Default Version
2025-10-04 16:47:43.209947: I external/local_xla/xla/service/service.cc:168] XLA service 0x55c50b871c20 initialized for platform Host (this does not guarantee that XLA will be used). Devices:
2025-10-04 16:47:43.209985: I external/local_xla/xla/service/service.cc:176]   StreamExecutor device (0): Host, Default Version
2025-10-04 16:47:43.219883: I external/local_xla/xla/service/service.cc:168] XLA service 0x55c50b872310 initialized for platform Host (this does not guarantee that XLA will be used). Devices:
2025-10-04 16:47:43.219931: I external/local_xla/xla/service/service.cc:176]   StreamExecutor device (0): Host, Default Version
2025-10-04 16:47:43.257587: I external/local_xla/xla/service/service.cc:168] XLA service 0x55c50b872470 initialized for platform Host (this does not guarantee that XLA will be used). Devices:
2025-10-04 16:47:43.257634: I external/local_xla/xla/service/service.cc:176]   StreamExecutor device (0): Host, Default Version
2025-10-04 16:47:43.293053: I external/local_xla/xla/service/service.cc:168] XLA service 0x55c50b871680 initialized for platform Host (this does not guarantee that XLA will be used). Devices:
2025-10-04 16:47:43.293107: I external/local_xla/xla/service/service.cc:176]   StreamExecutor device (0): Host, Default Version
2025-10-04 16:47:43.797107: W tensorflow/compiler/tf2xla/kernels/assert_op.cc:38] Ignoring Assert operator chain_of_default_joint_bijector_of_restructure/ldj_reduction_ndims/assert_equal_1/Assert/Assert
2025-10-04 16:47:43.806677: W tensorflow/compiler/tf2xla/kernels/assert_op.cc:38] Ignoring Assert operator chain_of_default_joint_bijector_of_restructure/ldj_reduction_ndims/assert_equal_1/Assert/Assert
2025-10-04 16:47:43.808229: W tensorflow/compiler/tf2xla/kernels/assert_op.cc:38] Ignoring Assert operator chain_of_default_joint_bijector_of_restructure_of_jointmap_of_reshape_and_reshape_1_and_reshape_2_and_reshape_3_and_reshape_4/ldj_reduction_ndims_5/assert_equal_1/Assert/Assert
2025-10-04 16:47:43.813631: I tensorflow/compiler/mlir/tensorflow/utils/dump_mlir_util.cc:269] disabling MLIR crash reproducer, set env var `MLIR_CRASH_REPRODUCER_DIRECTORY` to enable.
2025-10-04 16:47:43.817695: W tensorflow/compiler/tf2xla/kernels/assert_op.cc:38] Ignoring Assert operator chain_of_default_joint_bijector_of_restructure_of_jointmap_of_reshape_and_reshape_1_and_reshape_2_and_reshape_3_and_reshape_4/ldj_reduction_ndims_5/assert_equal_1/Assert/Assert
2025-10-04 16:47:43.822925: I tensorflow/compiler/mlir/tensorflow/utils/dump_mlir_util.cc:269] disabling MLIR crash reproducer, set env var `MLIR_CRASH_REPRODUCER_DIRECTORY` to enable.
2025-10-04 16:47:43.883755: W tensorflow/compiler/tf2xla/kernels/assert_op.cc:38] Ignoring Assert operator chain_of_default_joint_bijector_of_restructure/ldj_reduction_ndims/assert_equal_1/Assert/Assert
2025-10-04 16:47:43.885239: W tensorflow/compiler/tf2xla/kernels/assert_op.cc:38] Ignoring Assert operator chain_of_default_joint_bijector_of_restructure/ldj_reduction_ndims/assert_equal_1/Assert/Assert
2025-10-04 16:47:43.894371: W tensorflow/compiler/tf2xla/kernels/assert_op.cc:38] Ignoring Assert operator chain_of_default_joint_bijector_of_restructure_of_jointmap_of_reshape_and_reshape_1_and_reshape_2_and_reshape_3_and_reshape_4/ldj_reduction_ndims_5/assert_equal_1/Assert/Assert
2025-10-04 16:47:43.896098: W tensorflow/compiler/tf2xla/kernels/assert_op.cc:38] Ignoring Assert operator chain_of_default_joint_bijector_of_restructure_of_jointmap_of_reshape_and_reshape_1_and_reshape_2_and_reshape_3_and_reshape_4/ldj_reduction_ndims_5/assert_equal_1/Assert/Assert
2025-10-04 16:47:43.899636: I tensorflow/compiler/mlir/tensorflow/utils/dump_mlir_util.cc:269] disabling MLIR crash reproducer, set env var `MLIR_CRASH_REPRODUCER_DIRECTORY` to enable.
2025-10-04 16:47:43.901295: I tensorflow/compiler/mlir/tensorflow/utils/dump_mlir_util.cc:269] disabling MLIR crash reproducer, set env var `MLIR_CRASH_REPRODUCER_DIRECTORY` to enable.
2025-10-04 16:47:43.912034: W tensorflow/compiler/tf2xla/kernels/assert_op.cc:38] Ignoring Assert operator chain_of_default_joint_bijector_of_restructure/ldj_reduction_ndims/assert_equal_1/Assert/Assert
2025-10-04 16:47:43.918421: W tensorflow/compiler/tf2xla/kernels/assert_op.cc:38] Ignoring Assert operator chain_of_default_joint_bijector_of_restructure/ldj_reduction_ndims/assert_equal_1/Assert/Assert
2025-10-04 16:47:43.922422: W tensorflow/compiler/tf2xla/kernels/assert_op.cc:38] Ignoring Assert operator chain_of_default_joint_bijector_of_restructure_of_jointmap_of_reshape_and_reshape_1_and_reshape_2_and_reshape_3_and_reshape_4/ldj_reduction_ndims_5/assert_equal_1/Assert/Assert
2025-10-04 16:47:43.922798: W tensorflow/compiler/tf2xla/kernels/assert_op.cc:38] Ignoring Assert operator chain_of_default_joint_bijector_of_restructure/ldj_reduction_ndims/assert_equal_1/Assert/Assert
2025-10-04 16:47:43.927597: I tensorflow/compiler/mlir/tensorflow/utils/dump_mlir_util.cc:269] disabling MLIR crash reproducer, set env var `MLIR_CRASH_REPRODUCER_DIRECTORY` to enable.
2025-10-04 16:47:43.929145: W tensorflow/compiler/tf2xla/kernels/assert_op.cc:38] Ignoring Assert operator chain_of_default_joint_bijector_of_restructure_of_jointmap_of_reshape_and_reshape_1_and_reshape_2_and_reshape_3_and_reshape_4/ldj_reduction_ndims_5/assert_equal_1/Assert/Assert
2025-10-04 16:47:43.933416: W tensorflow/compiler/tf2xla/kernels/assert_op.cc:38] Ignoring Assert operator chain_of_default_joint_bijector_of_restructure_of_jointmap_of_reshape_and_reshape_1_and_reshape_2_and_reshape_3_and_reshape_4/ldj_reduction_ndims_5/assert_equal_1/Assert/Assert
2025-10-04 16:47:43.934254: I tensorflow/compiler/mlir/tensorflow/utils/dump_mlir_util.cc:269] disabling MLIR crash reproducer, set env var `MLIR_CRASH_REPRODUCER_DIRECTORY` to enable.
2025-10-04 16:47:43.938506: I tensorflow/compiler/mlir/tensorflow/utils/dump_mlir_util.cc:269] disabling MLIR crash reproducer, set env var `MLIR_CRASH_REPRODUCER_DIRECTORY` to enable.
2025-10-04 16:47:43.974948: W tensorflow/compiler/tf2xla/kernels/assert_op.cc:38] Ignoring Assert operator chain_of_default_joint_bijector_of_restructure/ldj_reduction_ndims/assert_equal_1/Assert/Assert
2025-10-04 16:47:43.977787: W tensorflow/compiler/tf2xla/kernels/assert_op.cc:38] Ignoring Assert operator chain_of_default_joint_bijector_of_restructure/ldj_reduction_ndims/assert_equal_1/Assert/Assert
2025-10-04 16:47:43.985480: W tensorflow/compiler/tf2xla/kernels/assert_op.cc:38] Ignoring Assert operator chain_of_default_joint_bijector_of_restructure_of_jointmap_of_reshape_and_reshape_1_and_reshape_2_and_reshape_3_and_reshape_4/ldj_reduction_ndims_5/assert_equal_1/Assert/Assert
2025-10-04 16:47:43.988259: W tensorflow/compiler/tf2xla/kernels/assert_op.cc:38] Ignoring Assert operator chain_of_default_joint_bijector_of_restructure_of_jointmap_of_reshape_and_reshape_1_and_reshape_2_and_reshape_3_and_reshape_4/ldj_reduction_ndims_5/assert_equal_1/Assert/Assert
2025-10-04 16:47:43.990646: I tensorflow/compiler/mlir/tensorflow/utils/dump_mlir_util.cc:269] disabling MLIR crash reproducer, set env var `MLIR_CRASH_REPRODUCER_DIRECTORY` to enable.
2025-10-04 16:47:43.992977: W tensorflow/compiler/tf2xla/kernels/assert_op.cc:38] Ignoring Assert operator chain_of_default_joint_bijector_of_restructure/ldj_reduction_ndims/assert_equal_1/Assert/Assert
2025-10-04 16:47:43.993463: I tensorflow/compiler/mlir/tensorflow/utils/dump_mlir_util.cc:269] disabling MLIR crash reproducer, set env var `MLIR_CRASH_REPRODUCER_DIRECTORY` to enable.
2025-10-04 16:47:44.003485: W tensorflow/compiler/tf2xla/kernels/assert_op.cc:38] Ignoring Assert operator chain_of_default_joint_bijector_of_restructure_of_jointmap_of_reshape_and_reshape_1_and_reshape_2_and_reshape_3_and_reshape_4/ldj_reduction_ndims_5/assert_equal_1/Assert/Assert
2025-10-04 16:47:44.008535: I tensorflow/compiler/mlir/tensorflow/utils/dump_mlir_util.cc:269] disabling MLIR crash reproducer, set env var `MLIR_CRASH_REPRODUCER_DIRECTORY` to enable.
2025-10-04 16:47:44.014542: W tensorflow/compiler/tf2xla/kernels/assert_op.cc:38] Ignoring Assert operator chain_of_default_joint_bijector_of_restructure/ldj_reduction_ndims/assert_equal_1/Assert/Assert
2025-10-04 16:47:44.022903: W tensorflow/compiler/tf2xla/kernels/assert_op.cc:38] Ignoring Assert operator chain_of_default_joint_bijector_of_restructure/ldj_reduction_ndims/assert_equal_1/Assert/Assert
2025-10-04 16:47:44.025096: W tensorflow/compiler/tf2xla/kernels/assert_op.cc:38] Ignoring Assert operator chain_of_default_joint_bijector_of_restructure_of_jointmap_of_reshape_and_reshape_1_and_reshape_2_and_reshape_3_and_reshape_4/ldj_reduction_ndims_5/assert_equal_1/Assert/Assert
2025-10-04 16:47:44.028585: W tensorflow/compiler/tf2xla/kernels/assert_op.cc:38] Ignoring Assert operator chain_of_default_joint_bijector_of_restructure/ldj_reduction_ndims/assert_equal_1/Assert/Assert
2025-10-04 16:47:44.030126: I tensorflow/compiler/mlir/tensorflow/utils/dump_mlir_util.cc:269] disabling MLIR crash reproducer, set env var `MLIR_CRASH_REPRODUCER_DIRECTORY` to enable.
2025-10-04 16:47:44.033324: W tensorflow/compiler/tf2xla/kernels/assert_op.cc:38] Ignoring Assert operator chain_of_default_joint_bijector_of_restructure_of_jointmap_of_reshape_and_reshape_1_and_reshape_2_and_reshape_3_and_reshape_4/ldj_reduction_ndims_5/assert_equal_1/Assert/Assert
2025-10-04 16:47:44.038885: W tensorflow/compiler/tf2xla/kernels/assert_op.cc:38] Ignoring Assert operator chain_of_default_joint_bijector_of_restructure_of_jointmap_of_reshape_and_reshape_1_and_reshape_2_and_reshape_3_and_reshape_4/ldj_reduction_ndims_5/assert_equal_1/Assert/Assert
2025-10-04 16:47:44.048073: W tensorflow/compiler/tf2xla/kernels/assert_op.cc:38] Ignoring Assert operator chain_of_default_joint_bijector_of_restructure/ldj_reduction_ndims/assert_equal_1/Assert/Assert
2025-10-04 16:47:44.064323: W tensorflow/compiler/tf2xla/kernels/assert_op.cc:38] Ignoring Assert operator chain_of_default_joint_bijector_of_restructure/ldj_reduction_ndims/assert_equal_1/Assert/Assert
2025-10-04 16:47:44.068392: W tensorflow/compiler/tf2xla/kernels/assert_op.cc:38] Ignoring Assert operator chain_of_default_joint_bijector_of_restructure/ldj_reduction_ndims/assert_equal_1/Assert/Assert
2025-10-04 16:47:44.070943: W tensorflow/compiler/tf2xla/kernels/assert_op.cc:38] Ignoring Assert operator chain_of_default_joint_bijector_of_restructure/ldj_reduction_ndims/assert_equal_1/Assert/Assert
2025-10-04 16:47:44.072386: W tensorflow/compiler/tf2xla/kernels/assert_op.cc:38] Ignoring Assert operator chain_of_default_joint_bijector_of_restructure/ldj_reduction_ndims/assert_equal_1/Assert/Assert
2025-10-04 16:47:44.082622: I tensorflow/compiler/mlir/tensorflow/utils/dump_mlir_util.cc:269] disabling MLIR crash reproducer, set env var `MLIR_CRASH_REPRODUCER_DIRECTORY` to enable.
2025-10-04 16:47:44.082633: I tensorflow/compiler/mlir/tensorflow/utils/dump_mlir_util.cc:269] disabling MLIR crash reproducer, set env var `MLIR_CRASH_REPRODUCER_DIRECTORY` to enable.
2025-10-04 16:47:44.083231: W tensorflow/compiler/tf2xla/kernels/assert_op.cc:38] Ignoring Assert operator chain_of_default_joint_bijector_of_restructure_of_jointmap_of_reshape_and_reshape_1_and_reshape_2_and_reshape_3_and_reshape_4/ldj_reduction_ndims_5/assert_equal_1/Assert/Assert
2025-10-04 16:47:44.083278: W tensorflow/compiler/tf2xla/kernels/assert_op.cc:38] Ignoring Assert operator chain_of_default_joint_bijector_of_restructure_of_jointmap_of_reshape_and_reshape_1_and_reshape_2_and_reshape_3_and_reshape_4/ldj_reduction_ndims_5/assert_equal_1/Assert/Assert
2025-10-04 16:47:44.083351: W tensorflow/compiler/tf2xla/kernels/assert_op.cc:38] Ignoring Assert operator chain_of_default_joint_bijector_of_restructure_of_jointmap_of_reshape_and_reshape_1_and_reshape_2_and_reshape_3_and_reshape_4/ldj_reduction_ndims_5/assert_equal_1/Assert/Assert
2025-10-04 16:47:44.084727: W tensorflow/compiler/tf2xla/kernels/assert_op.cc:38] Ignoring Assert operator chain_of_default_joint_bijector_of_restructure_of_jointmap_of_reshape_and_reshape_1_and_reshape_2_and_reshape_3_and_reshape_4/ldj_reduction_ndims_5/assert_equal_1/Assert/Assert
2025-10-04 16:47:44.093336: W tensorflow/compiler/tf2xla/kernels/assert_op.cc:38] Ignoring Assert operator chain_of_default_joint_bijector_of_restructure_of_jointmap_of_reshape_and_reshape_1_and_reshape_2_and_reshape_3_and_reshape_4/ldj_reduction_ndims_5/assert_equal_1/Assert/Assert
2025-10-04 16:47:44.119243: W tensorflow/compiler/tf2xla/kernels/assert_op.cc:38] Ignoring Assert operator chain_of_default_joint_bijector_of_restructure/ldj_reduction_ndims/assert_equal_1/Assert/Assert
2025-10-04 16:47:44.150569: I tensorflow/compiler/mlir/tensorflow/utils/dump_mlir_util.cc:269] disabling MLIR crash reproducer, set env var `MLIR_CRASH_REPRODUCER_DIRECTORY` to enable.
2025-10-04 16:47:44.150742: I tensorflow/compiler/mlir/tensorflow/utils/dump_mlir_util.cc:269] disabling MLIR crash reproducer, set env var `MLIR_CRASH_REPRODUCER_DIRECTORY` to enable.
2025-10-04 16:47:44.150741: I tensorflow/compiler/mlir/tensorflow/utils/dump_mlir_util.cc:269] disabling MLIR crash reproducer, set env var `MLIR_CRASH_REPRODUCER_DIRECTORY` to enable.
2025-10-04 16:47:44.150748: I tensorflow/compiler/mlir/tensorflow/utils/dump_mlir_util.cc:269] disabling MLIR crash reproducer, set env var `MLIR_CRASH_REPRODUCER_DIRECTORY` to enable.
2025-10-04 16:47:44.150776: I tensorflow/compiler/mlir/tensorflow/utils/dump_mlir_util.cc:269] disabling MLIR crash reproducer, set env var `MLIR_CRASH_REPRODUCER_DIRECTORY` to enable.
2025-10-04 16:47:44.151459: W tensorflow/compiler/tf2xla/kernels/assert_op.cc:38] Ignoring Assert operator chain_of_default_joint_bijector_of_restructure_of_jointmap_of_reshape_and_reshape_1_and_reshape_2_and_reshape_3_and_reshape_4/ldj_reduction_ndims_5/assert_equal_1/Assert/Assert
2025-10-04 16:47:44.159548: W tensorflow/compiler/tf2xla/kernels/assert_op.cc:38] Ignoring Assert operator chain_of_default_joint_bijector_of_restructure/ldj_reduction_ndims/assert_equal_1/Assert/Assert
2025-10-04 16:47:44.219258: W tensorflow/compiler/tf2xla/kernels/assert_op.cc:38] Ignoring Assert operator chain_of_default_joint_bijector_of_restructure_of_jointmap_of_reshape_and_reshape_1_and_reshape_2_and_reshape_3_and_reshape_4/ldj_reduction_ndims_5/assert_equal_1/Assert/Assert
2025-10-04 16:47:44.221785: I tensorflow/compiler/mlir/tensorflow/utils/dump_mlir_util.cc:269] disabling MLIR crash reproducer, set env var `MLIR_CRASH_REPRODUCER_DIRECTORY` to enable.
2025-10-04 16:47:44.224291: I tensorflow/compiler/mlir/tensorflow/utils/dump_mlir_util.cc:269] disabling MLIR crash reproducer, set env var `MLIR_CRASH_REPRODUCER_DIRECTORY` to enable.
2025-10-04 16:47:44.585529: W tensorflow/compiler/tf2xla/kernels/assert_op.cc:38] Ignoring Assert operator mcmc_retry_init/assert_equal_1/Assert/AssertGuard/Assert
2025-10-04 16:47:44.586498: W tensorflow/compiler/tf2xla/kernels/assert_op.cc:38] Ignoring Assert operator StatefulPartitionedCall/chain_of_default_joint_bijector_of_restructure_of_jointmap_of_reshape_and_reshape_1_and_reshape_2_and_reshape_3_and_reshape_4/forward_log_det_jacobian/ldj_reduction_ndims_5/assert_equal_1/Assert/Assert
2025-10-04 16:47:44.587098: W tensorflow/compiler/tf2xla/kernels/assert_op.cc:38] Ignoring Assert operator mcmc_retry_init/assert_equal_1/Assert/AssertGuard/Assert
2025-10-04 16:47:44.588016: W tensorflow/compiler/tf2xla/kernels/assert_op.cc:38] Ignoring Assert operator StatefulPartitionedCall/chain_of_default_joint_bijector_of_restructure_of_jointmap_of_reshape_and_reshape_1_and_reshape_2_and_reshape_3_and_reshape_4/forward_log_det_jacobian/ldj_reduction_ndims_5/assert_equal_1/Assert/Assert
2025-10-04 16:47:44.591912: W tensorflow/compiler/tf2xla/kernels/assert_op.cc:38] Ignoring Assert operator mcmc_sample_chain/diagonal_mass_matrix_adaptation_bootstrap_results/dual_averaging_step_size_adaptation___init__/___init__/___init__/___init__/___init__/___init__/_bootstrap_results/PreconditionedNoUTurnSampler/.bootstrap_results/maybe_call_fn_and_grads/value_and_gradients/value_and_gradient/StatefulPartitionedCall/chain_of_default_joint_bijector_of_restructure_of_jointmap_of_reshape_and_reshape_1_and_reshape_2_and_reshape_3_and_reshape_4/forward_log_det_jacobian/ldj_reduction_ndims_5/assert_equal_1/Assert/Assert
2025-10-04 16:47:44.593390: W tensorflow/compiler/tf2xla/kernels/assert_op.cc:38] Ignoring Assert operator mcmc_sample_chain/diagonal_mass_matrix_adaptation_bootstrap_results/dual_averaging_step_size_adaptation___init__/___init__/___init__/___init__/___init__/___init__/_bootstrap_results/PreconditionedNoUTurnSampler/.bootstrap_results/maybe_call_fn_and_grads/value_and_gradients/value_and_gradient/StatefulPartitionedCall/chain_of_default_joint_bijector_of_restructure_of_jointmap_of_reshape_and_reshape_1_and_reshape_2_and_reshape_3_and_reshape_4/forward_log_det_jacobian/ldj_reduction_ndims_5/assert_equal_1/Assert/Assert
2025-10-04 16:47:44.667975: W tensorflow/compiler/tf2xla/kernels/assert_op.cc:38] Ignoring Assert operator mcmc_retry_init/assert_equal_1/Assert/AssertGuard/Assert
2025-10-04 16:47:44.668916: W tensorflow/compiler/tf2xla/kernels/assert_op.cc:38] Ignoring Assert operator StatefulPartitionedCall/chain_of_default_joint_bijector_of_restructure_of_jointmap_of_reshape_and_reshape_1_and_reshape_2_and_reshape_3_and_reshape_4/forward_log_det_jacobian/ldj_reduction_ndims_5/assert_equal_1/Assert/Assert
2025-10-04 16:47:44.669031: W tensorflow/compiler/tf2xla/kernels/assert_op.cc:38] Ignoring Assert operator mcmc_retry_init/assert_equal_1/Assert/AssertGuard/Assert
2025-10-04 16:47:44.669951: W tensorflow/compiler/tf2xla/kernels/assert_op.cc:38] Ignoring Assert operator StatefulPartitionedCall/chain_of_default_joint_bijector_of_restructure_of_jointmap_of_reshape_and_reshape_1_and_reshape_2_and_reshape_3_and_reshape_4/forward_log_det_jacobian/ldj_reduction_ndims_5/assert_equal_1/Assert/Assert
2025-10-04 16:47:44.674152: W tensorflow/compiler/tf2xla/kernels/assert_op.cc:38] Ignoring Assert operator mcmc_sample_chain/diagonal_mass_matrix_adaptation_bootstrap_results/dual_averaging_step_size_adaptation___init__/___init__/___init__/___init__/___init__/___init__/_bootstrap_results/PreconditionedNoUTurnSampler/.bootstrap_results/maybe_call_fn_and_grads/value_and_gradients/value_and_gradient/StatefulPartitionedCall/chain_of_default_joint_bijector_of_restructure_of_jointmap_of_reshape_and_reshape_1_and_reshape_2_and_reshape_3_and_reshape_4/forward_log_det_jacobian/ldj_reduction_ndims_5/assert_equal_1/Assert/Assert
2025-10-04 16:47:44.675170: W tensorflow/compiler/tf2xla/kernels/assert_op.cc:38] Ignoring Assert operator mcmc_sample_chain/diagonal_mass_matrix_adaptation_bootstrap_results/dual_averaging_step_size_adaptation___init__/___init__/___init__/___init__/___init__/___init__/_bootstrap_results/PreconditionedNoUTurnSampler/.bootstrap_results/maybe_call_fn_and_grads/value_and_gradients/value_and_gradient/StatefulPartitionedCall/chain_of_default_joint_bijector_of_restructure_of_jointmap_of_reshape_and_reshape_1_and_reshape_2_and_reshape_3_and_reshape_4/forward_log_det_jacobian/ldj_reduction_ndims_5/assert_equal_1/Assert/Assert
2025-10-04 16:47:44.704205: W tensorflow/compiler/tf2xla/kernels/assert_op.cc:38] Ignoring Assert operator mcmc_retry_init/assert_equal_1/Assert/AssertGuard/Assert
2025-10-04 16:47:44.705173: W tensorflow/compiler/tf2xla/kernels/assert_op.cc:38] Ignoring Assert operator StatefulPartitionedCall/chain_of_default_joint_bijector_of_restructure_of_jointmap_of_reshape_and_reshape_1_and_reshape_2_and_reshape_3_and_reshape_4/forward_log_det_jacobian/ldj_reduction_ndims_5/assert_equal_1/Assert/Assert
2025-10-04 16:47:44.705445: W tensorflow/compiler/tf2xla/kernels/assert_op.cc:38] Ignoring Assert operator mcmc_retry_init/assert_equal_1/Assert/AssertGuard/Assert
2025-10-04 16:47:44.706379: W tensorflow/compiler/tf2xla/kernels/assert_op.cc:38] Ignoring Assert operator StatefulPartitionedCall/chain_of_default_joint_bijector_of_restructure_of_jointmap_of_reshape_and_reshape_1_and_reshape_2_and_reshape_3_and_reshape_4/forward_log_det_jacobian/ldj_reduction_ndims_5/assert_equal_1/Assert/Assert
2025-10-04 16:47:44.708980: W tensorflow/compiler/tf2xla/kernels/assert_op.cc:38] Ignoring Assert operator mcmc_retry_init/assert_equal_1/Assert/AssertGuard/Assert
2025-10-04 16:47:44.709905: W tensorflow/compiler/tf2xla/kernels/assert_op.cc:38] Ignoring Assert operator StatefulPartitionedCall/chain_of_default_joint_bijector_of_restructure_of_jointmap_of_reshape_and_reshape_1_and_reshape_2_and_reshape_3_and_reshape_4/forward_log_det_jacobian/ldj_reduction_ndims_5/assert_equal_1/Assert/Assert
2025-10-04 16:47:44.710414: W tensorflow/compiler/tf2xla/kernels/assert_op.cc:38] Ignoring Assert operator mcmc_sample_chain/diagonal_mass_matrix_adaptation_bootstrap_results/dual_averaging_step_size_adaptation___init__/___init__/___init__/___init__/___init__/___init__/_bootstrap_results/PreconditionedNoUTurnSampler/.bootstrap_results/maybe_call_fn_and_grads/value_and_gradients/value_and_gradient/StatefulPartitionedCall/chain_of_default_joint_bijector_of_restructure_of_jointmap_of_reshape_and_reshape_1_and_reshape_2_and_reshape_3_and_reshape_4/forward_log_det_jacobian/ldj_reduction_ndims_5/assert_equal_1/Assert/Assert
2025-10-04 16:47:44.711607: W tensorflow/compiler/tf2xla/kernels/assert_op.cc:38] Ignoring Assert operator mcmc_sample_chain/diagonal_mass_matrix_adaptation_bootstrap_results/dual_averaging_step_size_adaptation___init__/___init__/___init__/___init__/___init__/___init__/_bootstrap_results/PreconditionedNoUTurnSampler/.bootstrap_results/maybe_call_fn_and_grads/value_and_gradients/value_and_gradient/StatefulPartitionedCall/chain_of_default_joint_bijector_of_restructure_of_jointmap_of_reshape_and_reshape_1_and_reshape_2_and_reshape_3_and_reshape_4/forward_log_det_jacobian/ldj_reduction_ndims_5/assert_equal_1/Assert/Assert
2025-10-04 16:47:44.715115: W tensorflow/compiler/tf2xla/kernels/assert_op.cc:38] Ignoring Assert operator mcmc_sample_chain/diagonal_mass_matrix_adaptation_bootstrap_results/dual_averaging_step_size_adaptation___init__/___init__/___init__/___init__/___init__/___init__/_bootstrap_results/PreconditionedNoUTurnSampler/.bootstrap_results/maybe_call_fn_and_grads/value_and_gradients/value_and_gradient/StatefulPartitionedCall/chain_of_default_joint_bijector_of_restructure_of_jointmap_of_reshape_and_reshape_1_and_reshape_2_and_reshape_3_and_reshape_4/forward_log_det_jacobian/ldj_reduction_ndims_5/assert_equal_1/Assert/Assert
2025-10-04 16:47:44.761895: W tensorflow/compiler/tf2xla/kernels/assert_op.cc:38] Ignoring Assert operator mcmc_retry_init/assert_equal_1/Assert/AssertGuard/Assert
2025-10-04 16:47:44.762595: W tensorflow/compiler/tf2xla/kernels/assert_op.cc:38] Ignoring Assert operator mcmc_retry_init/assert_equal_1/Assert/AssertGuard/Assert
2025-10-04 16:47:44.762847: W tensorflow/compiler/tf2xla/kernels/assert_op.cc:38] Ignoring Assert operator StatefulPartitionedCall/chain_of_default_joint_bijector_of_restructure_of_jointmap_of_reshape_and_reshape_1_and_reshape_2_and_reshape_3_and_reshape_4/forward_log_det_jacobian/ldj_reduction_ndims_5/assert_equal_1/Assert/Assert
2025-10-04 16:47:44.763488: W tensorflow/compiler/tf2xla/kernels/assert_op.cc:38] Ignoring Assert operator StatefulPartitionedCall/chain_of_default_joint_bijector_of_restructure_of_jointmap_of_reshape_and_reshape_1_and_reshape_2_and_reshape_3_and_reshape_4/forward_log_det_jacobian/ldj_reduction_ndims_5/assert_equal_1/Assert/Assert
2025-10-04 16:47:44.767972: W tensorflow/compiler/tf2xla/kernels/assert_op.cc:38] Ignoring Assert operator mcmc_sample_chain/diagonal_mass_matrix_adaptation_bootstrap_results/dual_averaging_step_size_adaptation___init__/___init__/___init__/___init__/___init__/___init__/_bootstrap_results/PreconditionedNoUTurnSampler/.bootstrap_results/maybe_call_fn_and_grads/value_and_gradients/value_and_gradient/StatefulPartitionedCall/chain_of_default_joint_bijector_of_restructure_of_jointmap_of_reshape_and_reshape_1_and_reshape_2_and_reshape_3_and_reshape_4/forward_log_det_jacobian/ldj_reduction_ndims_5/assert_equal_1/Assert/Assert
2025-10-04 16:47:44.768615: W tensorflow/compiler/tf2xla/kernels/assert_op.cc:38] Ignoring Assert operator mcmc_sample_chain/diagonal_mass_matrix_adaptation_bootstrap_results/dual_averaging_step_size_adaptation___init__/___init__/___init__/___init__/___init__/___init__/_bootstrap_results/PreconditionedNoUTurnSampler/.bootstrap_results/maybe_call_fn_and_grads/value_and_gradients/value_and_gradient/StatefulPartitionedCall/chain_of_default_joint_bijector_of_restructure_of_jointmap_of_reshape_and_reshape_1_and_reshape_2_and_reshape_3_and_reshape_4/forward_log_det_jacobian/ldj_reduction_ndims_5/assert_equal_1/Assert/Assert
2025-10-04 16:47:44.779207: W tensorflow/compiler/tf2xla/kernels/assert_op.cc:38] Ignoring Assert operator mcmc_retry_init/assert_equal_1/Assert/AssertGuard/Assert
2025-10-04 16:47:44.780134: W tensorflow/compiler/tf2xla/kernels/assert_op.cc:38] Ignoring Assert operator StatefulPartitionedCall/chain_of_default_joint_bijector_of_restructure_of_jointmap_of_reshape_and_reshape_1_and_reshape_2_and_reshape_3_and_reshape_4/forward_log_det_jacobian/ldj_reduction_ndims_5/assert_equal_1/Assert/Assert
2025-10-04 16:47:44.785296: W tensorflow/compiler/tf2xla/kernels/assert_op.cc:38] Ignoring Assert operator mcmc_sample_chain/diagonal_mass_matrix_adaptation_bootstrap_results/dual_averaging_step_size_adaptation___init__/___init__/___init__/___init__/___init__/___init__/_bootstrap_results/PreconditionedNoUTurnSampler/.bootstrap_results/maybe_call_fn_and_grads/value_and_gradients/value_and_gradient/StatefulPartitionedCall/chain_of_default_joint_bijector_of_restructure_of_jointmap_of_reshape_and_reshape_1_and_reshape_2_and_reshape_3_and_reshape_4/forward_log_det_jacobian/ldj_reduction_ndims_5/assert_equal_1/Assert/Assert
2025-10-04 16:47:44.795318: W tensorflow/compiler/tf2xla/kernels/assert_op.cc:38] Ignoring Assert operator mcmc_retry_init/assert_equal_1/Assert/AssertGuard/Assert
2025-10-04 16:47:44.796274: W tensorflow/compiler/tf2xla/kernels/assert_op.cc:38] Ignoring Assert operator StatefulPartitionedCall/chain_of_default_joint_bijector_of_restructure_of_jointmap_of_reshape_and_reshape_1_and_reshape_2_and_reshape_3_and_reshape_4/forward_log_det_jacobian/ldj_reduction_ndims_5/assert_equal_1/Assert/Assert
2025-10-04 16:47:44.801616: W tensorflow/compiler/tf2xla/kernels/assert_op.cc:38] Ignoring Assert operator mcmc_sample_chain/diagonal_mass_matrix_adaptation_bootstrap_results/dual_averaging_step_size_adaptation___init__/___init__/___init__/___init__/___init__/___init__/_bootstrap_results/PreconditionedNoUTurnSampler/.bootstrap_results/maybe_call_fn_and_grads/value_and_gradients/value_and_gradient/StatefulPartitionedCall/chain_of_default_joint_bijector_of_restructure_of_jointmap_of_reshape_and_reshape_1_and_reshape_2_and_reshape_3_and_reshape_4/forward_log_det_jacobian/ldj_reduction_ndims_5/assert_equal_1/Assert/Assert
2025-10-04 16:47:44.934211: W tensorflow/compiler/tf2xla/kernels/assert_op.cc:38] Ignoring Assert operator mcmc_retry_init/assert_equal_1/Assert/AssertGuard/Assert
2025-10-04 16:47:44.934210: W tensorflow/compiler/tf2xla/kernels/assert_op.cc:38] Ignoring Assert operator mcmc_retry_init/assert_equal_1/Assert/AssertGuard/Assert
2025-10-04 16:47:44.934887: W tensorflow/compiler/tf2xla/kernels/assert_op.cc:38] Ignoring Assert operator mcmc_retry_init/assert_equal_1/Assert/AssertGuard/Assert
2025-10-04 16:47:44.935186: W tensorflow/compiler/tf2xla/kernels/assert_op.cc:38] Ignoring Assert operator StatefulPartitionedCall/chain_of_default_joint_bijector_of_restructure_of_jointmap_of_reshape_and_reshape_1_and_reshape_2_and_reshape_3_and_reshape_4/forward_log_det_jacobian/ldj_reduction_ndims_5/assert_equal_1/Assert/Assert
2025-10-04 16:47:44.935207: W tensorflow/compiler/tf2xla/kernels/assert_op.cc:38] Ignoring Assert operator StatefulPartitionedCall/chain_of_default_joint_bijector_of_restructure_of_jointmap_of_reshape_and_reshape_1_and_reshape_2_and_reshape_3_and_reshape_4/forward_log_det_jacobian/ldj_reduction_ndims_5/assert_equal_1/Assert/Assert
2025-10-04 16:47:44.935821: W tensorflow/compiler/tf2xla/kernels/assert_op.cc:38] Ignoring Assert operator StatefulPartitionedCall/chain_of_default_joint_bijector_of_restructure_of_jointmap_of_reshape_and_reshape_1_and_reshape_2_and_reshape_3_and_reshape_4/forward_log_det_jacobian/ldj_reduction_ndims_5/assert_equal_1/Assert/Assert
2025-10-04 16:47:44.936223: W tensorflow/compiler/tf2xla/kernels/assert_op.cc:38] Ignoring Assert operator mcmc_retry_init/assert_equal_1/Assert/AssertGuard/Assert
2025-10-04 16:47:44.936290: W tensorflow/compiler/tf2xla/kernels/assert_op.cc:38] Ignoring Assert operator mcmc_retry_init/assert_equal_1/Assert/AssertGuard/Assert
2025-10-04 16:47:44.936419: W tensorflow/compiler/tf2xla/kernels/assert_op.cc:38] Ignoring Assert operator mcmc_retry_init/assert_equal_1/Assert/AssertGuard/Assert
2025-10-04 16:47:44.937164: W tensorflow/compiler/tf2xla/kernels/assert_op.cc:38] Ignoring Assert operator StatefulPartitionedCall/chain_of_default_joint_bijector_of_restructure_of_jointmap_of_reshape_and_reshape_1_and_reshape_2_and_reshape_3_and_reshape_4/forward_log_det_jacobian/ldj_reduction_ndims_5/assert_equal_1/Assert/Assert
2025-10-04 16:47:44.937232: W tensorflow/compiler/tf2xla/kernels/assert_op.cc:38] Ignoring Assert operator StatefulPartitionedCall/chain_of_default_joint_bijector_of_restructure_of_jointmap_of_reshape_and_reshape_1_and_reshape_2_and_reshape_3_and_reshape_4/forward_log_det_jacobian/ldj_reduction_ndims_5/assert_equal_1/Assert/Assert
2025-10-04 16:47:44.937365: W tensorflow/compiler/tf2xla/kernels/assert_op.cc:38] Ignoring Assert operator StatefulPartitionedCall/chain_of_default_joint_bijector_of_restructure_of_jointmap_of_reshape_and_reshape_1_and_reshape_2_and_reshape_3_and_reshape_4/forward_log_det_jacobian/ldj_reduction_ndims_5/assert_equal_1/Assert/Assert
2025-10-04 16:47:44.940534: W tensorflow/compiler/tf2xla/kernels/assert_op.cc:38] Ignoring Assert operator mcmc_sample_chain/diagonal_mass_matrix_adaptation_bootstrap_results/dual_averaging_step_size_adaptation___init__/___init__/___init__/___init__/___init__/___init__/_bootstrap_results/PreconditionedNoUTurnSampler/.bootstrap_results/maybe_call_fn_and_grads/value_and_gradients/value_and_gradient/StatefulPartitionedCall/chain_of_default_joint_bijector_of_restructure_of_jointmap_of_reshape_and_reshape_1_and_reshape_2_and_reshape_3_and_reshape_4/forward_log_det_jacobian/ldj_reduction_ndims_5/assert_equal_1/Assert/Assert
2025-10-04 16:47:44.940540: W tensorflow/compiler/tf2xla/kernels/assert_op.cc:38] Ignoring Assert operator mcmc_sample_chain/diagonal_mass_matrix_adaptation_bootstrap_results/dual_averaging_step_size_adaptation___init__/___init__/___init__/___init__/___init__/___init__/_bootstrap_results/PreconditionedNoUTurnSampler/.bootstrap_results/maybe_call_fn_and_grads/value_and_gradients/value_and_gradient/StatefulPartitionedCall/chain_of_default_joint_bijector_of_restructure_of_jointmap_of_reshape_and_reshape_1_and_reshape_2_and_reshape_3_and_reshape_4/forward_log_det_jacobian/ldj_reduction_ndims_5/assert_equal_1/Assert/Assert
2025-10-04 16:47:44.941209: W tensorflow/compiler/tf2xla/kernels/assert_op.cc:38] Ignoring Assert operator mcmc_sample_chain/diagonal_mass_matrix_adaptation_bootstrap_results/dual_averaging_step_size_adaptation___init__/___init__/___init__/___init__/___init__/___init__/_bootstrap_results/PreconditionedNoUTurnSampler/.bootstrap_results/maybe_call_fn_and_grads/value_and_gradients/value_and_gradient/StatefulPartitionedCall/chain_of_default_joint_bijector_of_restructure_of_jointmap_of_reshape_and_reshape_1_and_reshape_2_and_reshape_3_and_reshape_4/forward_log_det_jacobian/ldj_reduction_ndims_5/assert_equal_1/Assert/Assert
2025-10-04 16:47:44.942550: W tensorflow/compiler/tf2xla/kernels/assert_op.cc:38] Ignoring Assert operator mcmc_sample_chain/diagonal_mass_matrix_adaptation_bootstrap_results/dual_averaging_step_size_adaptation___init__/___init__/___init__/___init__/___init__/___init__/_bootstrap_results/PreconditionedNoUTurnSampler/.bootstrap_results/maybe_call_fn_and_grads/value_and_gradients/value_and_gradient/StatefulPartitionedCall/chain_of_default_joint_bijector_of_restructure_of_jointmap_of_reshape_and_reshape_1_and_reshape_2_and_reshape_3_and_reshape_4/forward_log_det_jacobian/ldj_reduction_ndims_5/assert_equal_1/Assert/Assert
2025-10-04 16:47:44.942583: W tensorflow/compiler/tf2xla/kernels/assert_op.cc:38] Ignoring Assert operator mcmc_sample_chain/diagonal_mass_matrix_adaptation_bootstrap_results/dual_averaging_step_size_adaptation___init__/___init__/___init__/___init__/___init__/___init__/_bootstrap_results/PreconditionedNoUTurnSampler/.bootstrap_results/maybe_call_fn_and_grads/value_and_gradients/value_and_gradient/StatefulPartitionedCall/chain_of_default_joint_bijector_of_restructure_of_jointmap_of_reshape_and_reshape_1_and_reshape_2_and_reshape_3_and_reshape_4/forward_log_det_jacobian/ldj_reduction_ndims_5/assert_equal_1/Assert/Assert
2025-10-04 16:47:44.942713: W tensorflow/compiler/tf2xla/kernels/assert_op.cc:38] Ignoring Assert operator mcmc_sample_chain/diagonal_mass_matrix_adaptation_bootstrap_results/dual_averaging_step_size_adaptation___init__/___init__/___init__/___init__/___init__/___init__/_bootstrap_results/PreconditionedNoUTurnSampler/.bootstrap_results/maybe_call_fn_and_grads/value_and_gradients/value_and_gradient/StatefulPartitionedCall/chain_of_default_joint_bijector_of_restructure_of_jointmap_of_reshape_and_reshape_1_and_reshape_2_and_reshape_3_and_reshape_4/forward_log_det_jacobian/ldj_reduction_ndims_5/assert_equal_1/Assert/Assert
2025-10-04 16:47:44.951971: W tensorflow/compiler/tf2xla/kernels/assert_op.cc:38] Ignoring Assert operator mcmc_retry_init/assert_equal_1/Assert/AssertGuard/Assert
2025-10-04 16:47:44.952943: W tensorflow/compiler/tf2xla/kernels/assert_op.cc:38] Ignoring Assert operator StatefulPartitionedCall/chain_of_default_joint_bijector_of_restructure_of_jointmap_of_reshape_and_reshape_1_and_reshape_2_and_reshape_3_and_reshape_4/forward_log_det_jacobian/ldj_reduction_ndims_5/assert_equal_1/Assert/Assert
2025-10-04 16:47:44.958377: W tensorflow/compiler/tf2xla/kernels/assert_op.cc:38] Ignoring Assert operator mcmc_sample_chain/diagonal_mass_matrix_adaptation_bootstrap_results/dual_averaging_step_size_adaptation___init__/___init__/___init__/___init__/___init__/___init__/_bootstrap_results/PreconditionedNoUTurnSampler/.bootstrap_results/maybe_call_fn_and_grads/value_and_gradients/value_and_gradient/StatefulPartitionedCall/chain_of_default_joint_bijector_of_restructure_of_jointmap_of_reshape_and_reshape_1_and_reshape_2_and_reshape_3_and_reshape_4/forward_log_det_jacobian/ldj_reduction_ndims_5/assert_equal_1/Assert/Assert
2025-10-04 16:47:45.024097: W tensorflow/compiler/tf2xla/kernels/assert_op.cc:38] Ignoring Assert operator mcmc_retry_init/assert_equal_1/Assert/AssertGuard/Assert
2025-10-04 16:47:45.025068: W tensorflow/compiler/tf2xla/kernels/assert_op.cc:38] Ignoring Assert operator StatefulPartitionedCall/chain_of_default_joint_bijector_of_restructure_of_jointmap_of_reshape_and_reshape_1_and_reshape_2_and_reshape_3_and_reshape_4/forward_log_det_jacobian/ldj_reduction_ndims_5/assert_equal_1/Assert/Assert
2025-10-04 16:47:45.025965: W tensorflow/compiler/tf2xla/kernels/assert_op.cc:38] Ignoring Assert operator mcmc_retry_init/assert_equal_1/Assert/AssertGuard/Assert
2025-10-04 16:47:45.026892: W tensorflow/compiler/tf2xla/kernels/assert_op.cc:38] Ignoring Assert operator StatefulPartitionedCall/chain_of_default_joint_bijector_of_restructure_of_jointmap_of_reshape_and_reshape_1_and_reshape_2_and_reshape_3_and_reshape_4/forward_log_det_jacobian/ldj_reduction_ndims_5/assert_equal_1/Assert/Assert
2025-10-04 16:47:45.030340: W tensorflow/compiler/tf2xla/kernels/assert_op.cc:38] Ignoring Assert operator mcmc_sample_chain/diagonal_mass_matrix_adaptation_bootstrap_results/dual_averaging_step_size_adaptation___init__/___init__/___init__/___init__/___init__/___init__/_bootstrap_results/PreconditionedNoUTurnSampler/.bootstrap_results/maybe_call_fn_and_grads/value_and_gradients/value_and_gradient/StatefulPartitionedCall/chain_of_default_joint_bijector_of_restructure_of_jointmap_of_reshape_and_reshape_1_and_reshape_2_and_reshape_3_and_reshape_4/forward_log_det_jacobian/ldj_reduction_ndims_5/assert_equal_1/Assert/Assert
2025-10-04 16:47:45.032258: W tensorflow/compiler/tf2xla/kernels/assert_op.cc:38] Ignoring Assert operator mcmc_sample_chain/diagonal_mass_matrix_adaptation_bootstrap_results/dual_averaging_step_size_adaptation___init__/___init__/___init__/___init__/___init__/___init__/_bootstrap_results/PreconditionedNoUTurnSampler/.bootstrap_results/maybe_call_fn_and_grads/value_and_gradients/value_and_gradient/StatefulPartitionedCall/chain_of_default_joint_bijector_of_restructure_of_jointmap_of_reshape_and_reshape_1_and_reshape_2_and_reshape_3_and_reshape_4/forward_log_det_jacobian/ldj_reduction_ndims_5/assert_equal_1/Assert/Assert
2025-10-04 16:47:54.431292: W tensorflow/compiler/tf2xla/kernels/assert_op.cc:38] Ignoring Assert operator mcmc_sample_chain/trace_scan/while/smart_for_loop/while/diagonal_mass_matrix_adaptation_one_step/dual_averaging_step_size_adaptation___init__/___init__/___init__/___init__/___init__/___init__/_one_step/PreconditionedNoUTurnSampler/.one_step/while/loop_tree_doubling/build_sub_tree/while/loop_build_sub_tree/leapfrog_integrate/while/leapfrog_integrate_one_step/maybe_call_fn_and_grads_1/value_and_gradients/value_and_gradient/StatefulPartitionedCall/chain_of_default_joint_bijector_of_restructure_of_jointmap_of_reshape_and_reshape_1_and_reshape_2_and_reshape_3_and_reshape_4/forward_log_det_jacobian/ldj_reduction_ndims_5/assert_equal_1/Assert/Assert
2025-10-04 16:47:54.484098: W tensorflow/compiler/tf2xla/kernels/assert_op.cc:38] Ignoring Assert operator mcmc_sample_chain/trace_scan/while/smart_for_loop/while/diagonal_mass_matrix_adaptation_one_step/dual_averaging_step_size_adaptation___init__/___init__/___init__/___init__/___init__/___init__/_one_step/PreconditionedNoUTurnSampler/.one_step/while/loop_tree_doubling/build_sub_tree/while/loop_build_sub_tree/leapfrog_integrate/while/leapfrog_integrate_one_step/maybe_call_fn_and_grads_1/value_and_gradients/value_and_gradient/StatefulPartitionedCall/chain_of_default_joint_bijector_of_restructure_of_jointmap_of_reshape_and_reshape_1_and_reshape_2_and_reshape_3_and_reshape_4/forward_log_det_jacobian/ldj_reduction_ndims_5/assert_equal_1/Assert/Assert
2025-10-04 16:47:54.504464: W tensorflow/compiler/tf2xla/kernels/assert_op.cc:38] Ignoring Assert operator mcmc_sample_chain/trace_scan/while/smart_for_loop/while/diagonal_mass_matrix_adaptation_one_step/dual_averaging_step_size_adaptation___init__/___init__/___init__/___init__/___init__/___init__/_one_step/PreconditionedNoUTurnSampler/.one_step/while/loop_tree_doubling/build_sub_tree/while/loop_build_sub_tree/leapfrog_integrate/while/leapfrog_integrate_one_step/maybe_call_fn_and_grads_1/value_and_gradients/value_and_gradient/StatefulPartitionedCall/chain_of_default_joint_bijector_of_restructure_of_jointmap_of_reshape_and_reshape_1_and_reshape_2_and_reshape_3_and_reshape_4/forward_log_det_jacobian/ldj_reduction_ndims_5/assert_equal_1/Assert/Assert
2025-10-04 16:47:54.514772: W tensorflow/compiler/tf2xla/kernels/assert_op.cc:38] Ignoring Assert operator mcmc_sample_chain/trace_scan/while/smart_for_loop/while/diagonal_mass_matrix_adaptation_one_step/dual_averaging_step_size_adaptation___init__/___init__/___init__/___init__/___init__/___init__/_one_step/PreconditionedNoUTurnSampler/.one_step/while/loop_tree_doubling/build_sub_tree/while/loop_build_sub_tree/leapfrog_integrate/while/leapfrog_integrate_one_step/maybe_call_fn_and_grads_1/value_and_gradients/value_and_gradient/StatefulPartitionedCall/chain_of_default_joint_bijector_of_restructure_of_jointmap_of_reshape_and_reshape_1_and_reshape_2_and_reshape_3_and_reshape_4/forward_log_det_jacobian/ldj_reduction_ndims_5/assert_equal_1/Assert/Assert
2025-10-04 16:47:54.602628: W tensorflow/compiler/tf2xla/kernels/assert_op.cc:38] Ignoring Assert operator mcmc_sample_chain/trace_scan/while/smart_for_loop/while/diagonal_mass_matrix_adaptation_one_step/dual_averaging_step_size_adaptation___init__/___init__/___init__/___init__/___init__/___init__/_one_step/PreconditionedNoUTurnSampler/.one_step/while/loop_tree_doubling/build_sub_tree/while/loop_build_sub_tree/leapfrog_integrate/while/leapfrog_integrate_one_step/maybe_call_fn_and_grads_1/value_and_gradients/value_and_gradient/StatefulPartitionedCall/chain_of_default_joint_bijector_of_restructure_of_jointmap_of_reshape_and_reshape_1_and_reshape_2_and_reshape_3_and_reshape_4/forward_log_det_jacobian/ldj_reduction_ndims_5/assert_equal_1/Assert/Assert
2025-10-04 16:47:54.618037: W tensorflow/compiler/tf2xla/kernels/assert_op.cc:38] Ignoring Assert operator mcmc_sample_chain/trace_scan/while/smart_for_loop/while/diagonal_mass_matrix_adaptation_one_step/dual_averaging_step_size_adaptation___init__/___init__/___init__/___init__/___init__/___init__/_one_step/PreconditionedNoUTurnSampler/.one_step/while/loop_tree_doubling/build_sub_tree/while/loop_build_sub_tree/leapfrog_integrate/while/leapfrog_integrate_one_step/maybe_call_fn_and_grads_1/value_and_gradients/value_and_gradient/StatefulPartitionedCall/chain_of_default_joint_bijector_of_restructure_of_jointmap_of_reshape_and_reshape_1_and_reshape_2_and_reshape_3_and_reshape_4/forward_log_det_jacobian/ldj_reduction_ndims_5/assert_equal_1/Assert/Assert
2025-10-04 16:47:54.618060: W tensorflow/compiler/tf2xla/kernels/assert_op.cc:38] Ignoring Assert operator mcmc_sample_chain/trace_scan/while/smart_for_loop/while/diagonal_mass_matrix_adaptation_one_step/dual_averaging_step_size_adaptation___init__/___init__/___init__/___init__/___init__/___init__/_one_step/PreconditionedNoUTurnSampler/.one_step/while/loop_tree_doubling/build_sub_tree/while/loop_build_sub_tree/leapfrog_integrate/while/leapfrog_integrate_one_step/maybe_call_fn_and_grads_1/value_and_gradients/value_and_gradient/StatefulPartitionedCall/chain_of_default_joint_bijector_of_restructure_of_jointmap_of_reshape_and_reshape_1_and_reshape_2_and_reshape_3_and_reshape_4/forward_log_det_jacobian/ldj_reduction_ndims_5/assert_equal_1/Assert/Assert
2025-10-04 16:47:54.627344: W tensorflow/compiler/tf2xla/kernels/assert_op.cc:38] Ignoring Assert operator mcmc_sample_chain/trace_scan/while/smart_for_loop/while/diagonal_mass_matrix_adaptation_one_step/dual_averaging_step_size_adaptation___init__/___init__/___init__/___init__/___init__/___init__/_one_step/PreconditionedNoUTurnSampler/.one_step/while/loop_tree_doubling/build_sub_tree/while/loop_build_sub_tree/leapfrog_integrate/while/leapfrog_integrate_one_step/maybe_call_fn_and_grads_1/value_and_gradients/value_and_gradient/StatefulPartitionedCall/chain_of_default_joint_bijector_of_restructure_of_jointmap_of_reshape_and_reshape_1_and_reshape_2_and_reshape_3_and_reshape_4/forward_log_det_jacobian/ldj_reduction_ndims_5/assert_equal_1/Assert/Assert
2025-10-04 16:47:54.644873: W tensorflow/compiler/tf2xla/kernels/assert_op.cc:38] Ignoring Assert operator mcmc_sample_chain/trace_scan/while/smart_for_loop/while/diagonal_mass_matrix_adaptation_one_step/dual_averaging_step_size_adaptation___init__/___init__/___init__/___init__/___init__/___init__/_one_step/PreconditionedNoUTurnSampler/.one_step/while/loop_tree_doubling/build_sub_tree/while/loop_build_sub_tree/leapfrog_integrate/while/leapfrog_integrate_one_step/maybe_call_fn_and_grads_1/value_and_gradients/value_and_gradient/StatefulPartitionedCall/chain_of_default_joint_bijector_of_restructure_of_jointmap_of_reshape_and_reshape_1_and_reshape_2_and_reshape_3_and_reshape_4/forward_log_det_jacobian/ldj_reduction_ndims_5/assert_equal_1/Assert/Assert
2025-10-04 16:47:54.666313: W tensorflow/compiler/tf2xla/kernels/assert_op.cc:38] Ignoring Assert operator mcmc_sample_chain/trace_scan/while/smart_for_loop/while/diagonal_mass_matrix_adaptation_one_step/dual_averaging_step_size_adaptation___init__/___init__/___init__/___init__/___init__/___init__/_one_step/PreconditionedNoUTurnSampler/.one_step/while/loop_tree_doubling/build_sub_tree/while/loop_build_sub_tree/leapfrog_integrate/while/leapfrog_integrate_one_step/maybe_call_fn_and_grads_1/value_and_gradients/value_and_gradient/StatefulPartitionedCall/chain_of_default_joint_bijector_of_restructure_of_jointmap_of_reshape_and_reshape_1_and_reshape_2_and_reshape_3_and_reshape_4/forward_log_det_jacobian/ldj_reduction_ndims_5/assert_equal_1/Assert/Assert
2025-10-04 16:47:54.666957: W tensorflow/compiler/tf2xla/kernels/assert_op.cc:38] Ignoring Assert operator mcmc_sample_chain/trace_scan/while/smart_for_loop/while/diagonal_mass_matrix_adaptation_one_step/dual_averaging_step_size_adaptation___init__/___init__/___init__/___init__/___init__/___init__/_one_step/PreconditionedNoUTurnSampler/.one_step/while/loop_tree_doubling/build_sub_tree/while/loop_build_sub_tree/leapfrog_integrate/while/leapfrog_integrate_one_step/maybe_call_fn_and_grads_1/value_and_gradients/value_and_gradient/StatefulPartitionedCall/chain_of_default_joint_bijector_of_restructure_of_jointmap_of_reshape_and_reshape_1_and_reshape_2_and_reshape_3_and_reshape_4/forward_log_det_jacobian/ldj_reduction_ndims_5/assert_equal_1/Assert/Assert
2025-10-04 16:47:54.793666: W tensorflow/compiler/tf2xla/kernels/assert_op.cc:38] Ignoring Assert operator mcmc_sample_chain/trace_scan/while/smart_for_loop/while/diagonal_mass_matrix_adaptation_one_step/dual_averaging_step_size_adaptation___init__/___init__/___init__/___init__/___init__/___init__/_one_step/PreconditionedNoUTurnSampler/.one_step/while/loop_tree_doubling/build_sub_tree/while/loop_build_sub_tree/leapfrog_integrate/while/leapfrog_integrate_one_step/maybe_call_fn_and_grads_1/value_and_gradients/value_and_gradient/StatefulPartitionedCall/chain_of_default_joint_bijector_of_restructure_of_jointmap_of_reshape_and_reshape_1_and_reshape_2_and_reshape_3_and_reshape_4/forward_log_det_jacobian/ldj_reduction_ndims_5/assert_equal_1/Assert/Assert
2025-10-04 16:47:54.796156: W tensorflow/compiler/tf2xla/kernels/assert_op.cc:38] Ignoring Assert operator mcmc_sample_chain/trace_scan/while/smart_for_loop/while/diagonal_mass_matrix_adaptation_one_step/dual_averaging_step_size_adaptation___init__/___init__/___init__/___init__/___init__/___init__/_one_step/PreconditionedNoUTurnSampler/.one_step/while/loop_tree_doubling/build_sub_tree/while/loop_build_sub_tree/leapfrog_integrate/while/leapfrog_integrate_one_step/maybe_call_fn_and_grads_1/value_and_gradients/value_and_gradient/StatefulPartitionedCall/chain_of_default_joint_bijector_of_restructure_of_jointmap_of_reshape_and_reshape_1_and_reshape_2_and_reshape_3_and_reshape_4/forward_log_det_jacobian/ldj_reduction_ndims_5/assert_equal_1/Assert/Assert
2025-10-04 16:47:54.820122: W tensorflow/compiler/tf2xla/kernels/assert_op.cc:38] Ignoring Assert operator mcmc_sample_chain/trace_scan/while/smart_for_loop/while/diagonal_mass_matrix_adaptation_one_step/dual_averaging_step_size_adaptation___init__/___init__/___init__/___init__/___init__/___init__/_one_step/PreconditionedNoUTurnSampler/.one_step/while/loop_tree_doubling/build_sub_tree/while/loop_build_sub_tree/leapfrog_integrate/while/leapfrog_integrate_one_step/maybe_call_fn_and_grads_1/value_and_gradients/value_and_gradient/StatefulPartitionedCall/chain_of_default_joint_bijector_of_restructure_of_jointmap_of_reshape_and_reshape_1_and_reshape_2_and_reshape_3_and_reshape_4/forward_log_det_jacobian/ldj_reduction_ndims_5/assert_equal_1/Assert/Assert
2025-10-04 16:47:54.825061: W tensorflow/compiler/tf2xla/kernels/assert_op.cc:38] Ignoring Assert operator mcmc_sample_chain/trace_scan/while/smart_for_loop/while/diagonal_mass_matrix_adaptation_one_step/dual_averaging_step_size_adaptation___init__/___init__/___init__/___init__/___init__/___init__/_one_step/PreconditionedNoUTurnSampler/.one_step/while/loop_tree_doubling/build_sub_tree/while/loop_build_sub_tree/leapfrog_integrate/while/leapfrog_integrate_one_step/maybe_call_fn_and_grads_1/value_and_gradients/value_and_gradient/StatefulPartitionedCall/chain_of_default_joint_bijector_of_restructure_of_jointmap_of_reshape_and_reshape_1_and_reshape_2_and_reshape_3_and_reshape_4/forward_log_det_jacobian/ldj_reduction_ndims_5/assert_equal_1/Assert/Assert
2025-10-04 16:47:54.826699: W tensorflow/compiler/tf2xla/kernels/assert_op.cc:38] Ignoring Assert operator mcmc_sample_chain/trace_scan/while/smart_for_loop/while/diagonal_mass_matrix_adaptation_one_step/dual_averaging_step_size_adaptation___init__/___init__/___init__/___init__/___init__/___init__/_one_step/PreconditionedNoUTurnSampler/.one_step/while/loop_tree_doubling/build_sub_tree/while/loop_build_sub_tree/leapfrog_integrate/while/leapfrog_integrate_one_step/maybe_call_fn_and_grads_1/value_and_gradients/value_and_gradient/StatefulPartitionedCall/chain_of_default_joint_bijector_of_restructure_of_jointmap_of_reshape_and_reshape_1_and_reshape_2_and_reshape_3_and_reshape_4/forward_log_det_jacobian/ldj_reduction_ndims_5/assert_equal_1/Assert/Assert
2025-10-04 16:47:54.833265: W tensorflow/compiler/tf2xla/kernels/assert_op.cc:38] Ignoring Assert operator mcmc_sample_chain/trace_scan/while/smart_for_loop/while/diagonal_mass_matrix_adaptation_one_step/dual_averaging_step_size_adaptation___init__/___init__/___init__/___init__/___init__/___init__/_one_step/PreconditionedNoUTurnSampler/.one_step/while/loop_tree_doubling/build_sub_tree/while/loop_build_sub_tree/leapfrog_integrate/while/leapfrog_integrate_one_step/maybe_call_fn_and_grads_1/value_and_gradients/value_and_gradient/StatefulPartitionedCall/chain_of_default_joint_bijector_of_restructure_of_jointmap_of_reshape_and_reshape_1_and_reshape_2_and_reshape_3_and_reshape_4/forward_log_det_jacobian/ldj_reduction_ndims_5/assert_equal_1/Assert/Assert
2025-10-04 16:47:54.872317: W tensorflow/compiler/tf2xla/kernels/assert_op.cc:38] Ignoring Assert operator mcmc_sample_chain/trace_scan/while/smart_for_loop/while/diagonal_mass_matrix_adaptation_one_step/dual_averaging_step_size_adaptation___init__/___init__/___init__/___init__/___init__/___init__/_one_step/PreconditionedNoUTurnSampler/.one_step/while/loop_tree_doubling/build_sub_tree/while/loop_build_sub_tree/leapfrog_integrate/while/leapfrog_integrate_one_step/maybe_call_fn_and_grads_1/value_and_gradients/value_and_gradient/StatefulPartitionedCall/chain_of_default_joint_bijector_of_restructure_of_jointmap_of_reshape_and_reshape_1_and_reshape_2_and_reshape_3_and_reshape_4/forward_log_det_jacobian/ldj_reduction_ndims_5/assert_equal_1/Assert/Assert
2025-10-04 16:47:54.876521: W tensorflow/compiler/tf2xla/kernels/assert_op.cc:38] Ignoring Assert operator mcmc_sample_chain/trace_scan/while/smart_for_loop/while/diagonal_mass_matrix_adaptation_one_step/dual_averaging_step_size_adaptation___init__/___init__/___init__/___init__/___init__/___init__/_one_step/PreconditionedNoUTurnSampler/.one_step/while/loop_tree_doubling/build_sub_tree/while/loop_build_sub_tree/leapfrog_integrate/while/leapfrog_integrate_one_step/maybe_call_fn_and_grads_1/value_and_gradients/value_and_gradient/StatefulPartitionedCall/chain_of_default_joint_bijector_of_restructure_of_jointmap_of_reshape_and_reshape_1_and_reshape_2_and_reshape_3_and_reshape_4/forward_log_det_jacobian/ldj_reduction_ndims_5/assert_equal_1/Assert/Assert
2025-10-04 16:47:54.946643: W tensorflow/compiler/tf2xla/kernels/assert_op.cc:38] Ignoring Assert operator mcmc_sample_chain/trace_scan/while/smart_for_loop/while/diagonal_mass_matrix_adaptation_one_step/dual_averaging_step_size_adaptation___init__/___init__/___init__/___init__/___init__/___init__/_one_step/PreconditionedNoUTurnSampler/.one_step/while/loop_tree_doubling/build_sub_tree/while/loop_build_sub_tree/leapfrog_integrate/while/leapfrog_integrate_one_step/maybe_call_fn_and_grads_1/value_and_gradients/value_and_gradient/StatefulPartitionedCall/chain_of_default_joint_bijector_of_restructure_of_jointmap_of_reshape_and_reshape_1_and_reshape_2_and_reshape_3_and_reshape_4/forward_log_det_jacobian/ldj_reduction_ndims_5/assert_equal_1/Assert/Assert
WARNING: All log messages before absl::InitializeLog() is called are written to STDERR
I0000 00:00:1759614487.226816 1246951 device_compiler.h:186] Compiled cluster using XLA!  This line is logged at most once for the lifetime of the process.
WARNING: All log messages before absl::InitializeLog() is called are written to STDERR
I0000 00:00:1759614487.299957 1246950 device_compiler.h:186] Compiled cluster using XLA!  This line is logged at most once for the lifetime of the process.
WARNING: All log messages before absl::InitializeLog() is called are written to STDERR
I0000 00:00:1759614487.309836 1246955 device_compiler.h:186] Compiled cluster using XLA!  This line is logged at most once for the lifetime of the process.
WARNING: All log messages before absl::InitializeLog() is called are written to STDERR
I0000 00:00:1759614487.310643 1246954 device_compiler.h:186] Compiled cluster using XLA!  This line is logged at most once for the lifetime of the process.
WARNING: All log messages before absl::InitializeLog() is called are written to STDERR
I0000 00:00:1759614487.375688 1246949 device_compiler.h:186] Compiled cluster using XLA!  This line is logged at most once for the lifetime of the process.
WARNING: All log messages before absl::InitializeLog() is called are written to STDERR
I0000 00:00:1759614487.441634 1246956 device_compiler.h:186] Compiled cluster using XLA!  This line is logged at most once for the lifetime of the process.
WARNING: All log messages before absl::InitializeLog() is called are written to STDERR
I0000 00:00:1759614487.444271 1246964 device_compiler.h:186] Compiled cluster using XLA!  This line is logged at most once for the lifetime of the process.
WARNING: All log messages before absl::InitializeLog() is called are written to STDERR
I0000 00:00:1759614487.487873 1246952 device_compiler.h:186] Compiled cluster using XLA!  This line is logged at most once for the lifetime of the process.
WARNING: All log messages before absl::InitializeLog() is called are written to STDERR
I0000 00:00:1759614487.502148 1246957 device_compiler.h:186] Compiled cluster using XLA!  This line is logged at most once for the lifetime of the process.
WARNING: All log messages before absl::InitializeLog() is called are written to STDERR
I0000 00:00:1759614487.516900 1246945 device_compiler.h:186] Compiled cluster using XLA!  This line is logged at most once for the lifetime of the process.
2025-10-04 16:48:07.555347: E external/local_xla/xla/stream_executor/stream_executor_internal.h:177] SetPriority unimplemented for this stream.
WARNING: All log messages before absl::InitializeLog() is called are written to STDERR
I0000 00:00:1759614487.574535 1246946 device_compiler.h:186] Compiled cluster using XLA!  This line is logged at most once for the lifetime of the process.
WARNING: All log messages before absl::InitializeLog() is called are written to STDERR
I0000 00:00:1759614487.574764 1246959 device_compiler.h:186] Compiled cluster using XLA!  This line is logged at most once for the lifetime of the process.
WARNING: All log messages before absl::InitializeLog() is called are written to STDERR
I0000 00:00:1759614487.587084 1246961 device_compiler.h:186] Compiled cluster using XLA!  This line is logged at most once for the lifetime of the process.
WARNING: All log messages before absl::InitializeLog() is called are written to STDERR
I0000 00:00:1759614487.593275 1246960 device_compiler.h:186] Compiled cluster using XLA!  This line is logged at most once for the lifetime of the process.
WARNING: All log messages before absl::InitializeLog() is called are written to STDERR
I0000 00:00:1759614487.599612 1246948 device_compiler.h:186] Compiled cluster using XLA!  This line is logged at most once for the lifetime of the process.
2025-10-04 16:48:07.636102: E external/local_xla/xla/stream_executor/stream_executor_internal.h:177] SetPriority unimplemented for this stream.
WARNING: All log messages before absl::InitializeLog() is called are written to STDERR
I0000 00:00:1759614487.641526 1246958 device_compiler.h:186] Compiled cluster using XLA!  This line is logged at most once for the lifetime of the process.
2025-10-04 16:48:07.642911: E external/local_xla/xla/stream_executor/stream_executor_internal.h:177] SetPriority unimplemented for this stream.
WARNING: All log messages before absl::InitializeLog() is called are written to STDERR
I0000 00:00:1759614487.645835 1246953 device_compiler.h:186] Compiled cluster using XLA!  This line is logged at most once for the lifetime of the process.
2025-10-04 16:48:07.646738: E external/local_xla/xla/stream_executor/stream_executor_internal.h:177] SetPriority unimplemented for this stream.
2025-10-04 16:48:07.712125: E external/local_xla/xla/stream_executor/stream_executor_internal.h:177] SetPriority unimplemented for this stream.
2025-10-04 16:48:07.778199: E external/local_xla/xla/stream_executor/stream_executor_internal.h:177] SetPriority unimplemented for this stream.
2025-10-04 16:48:07.784021: E external/local_xla/xla/stream_executor/stream_executor_internal.h:177] SetPriority unimplemented for this stream.
WARNING: All log messages before absl::InitializeLog() is called are written to STDERR
I0000 00:00:1759614487.822313 1246947 device_compiler.h:186] Compiled cluster using XLA!  This line is logged at most once for the lifetime of the process.
2025-10-04 16:48:07.824915: E external/local_xla/xla/stream_executor/stream_executor_internal.h:177] SetPriority unimplemented for this stream.
2025-10-04 16:48:07.842622: E external/local_xla/xla/stream_executor/stream_executor_internal.h:177] SetPriority unimplemented for this stream.
2025-10-04 16:48:07.852892: E external/local_xla/xla/stream_executor/stream_executor_internal.h:177] SetPriority unimplemented for this stream.
WARNING: All log messages before absl::InitializeLog() is called are written to STDERR
I0000 00:00:1759614487.861714 1246962 device_compiler.h:186] Compiled cluster using XLA!  This line is logged at most once for the lifetime of the process.
WARNING: All log messages before absl::InitializeLog() is called are written to STDERR
I0000 00:00:1759614487.865648 1246963 device_compiler.h:186] Compiled cluster using XLA!  This line is logged at most once for the lifetime of the process.
2025-10-04 16:48:07.910672: E external/local_xla/xla/stream_executor/stream_executor_internal.h:177] SetPriority unimplemented for this stream.
2025-10-04 16:48:07.912106: E external/local_xla/xla/stream_executor/stream_executor_internal.h:177] SetPriority unimplemented for this stream.
2025-10-04 16:48:07.921520: E external/local_xla/xla/stream_executor/stream_executor_internal.h:177] SetPriority unimplemented for this stream.
2025-10-04 16:48:07.926755: E external/local_xla/xla/stream_executor/stream_executor_internal.h:177] SetPriority unimplemented for this stream.
2025-10-04 16:48:07.932229: E external/local_xla/xla/stream_executor/stream_executor_internal.h:177] SetPriority unimplemented for this stream.
2025-10-04 16:48:07.969176: E external/local_xla/xla/stream_executor/stream_executor_internal.h:177] SetPriority unimplemented for this stream.
2025-10-04 16:48:07.973793: E external/local_xla/xla/stream_executor/stream_executor_internal.h:177] SetPriority unimplemented for this stream.
2025-10-04 16:48:08.154909: E external/local_xla/xla/stream_executor/stream_executor_internal.h:177] SetPriority unimplemented for this stream.
2025-10-04 16:48:08.193762: E external/local_xla/xla/stream_executor/stream_executor_internal.h:177] SetPriority unimplemented for this stream.
2025-10-04 16:48:08.199946: E external/local_xla/xla/stream_executor/stream_executor_internal.h:177] SetPriority unimplemented for this stream.
  0%|                                                                                                                                                                                                | 0/100 [01:12<?, ?it/s]
